Compilador: g++.exe (Rev9, Built by MSYS2 project) 15.2.0

[1;33m========================================[0m
[1;33mPixelRoot32 Game Engine - Tests[0m
[1;33m========================================[0m

[1;33m========================================[0m
[1;33mTests de Math[0m
[1;33m========================================[0m
Compilando test/unit/test_math/test_mathutil.cpp...
Comando: g++ -std=c++17 -Wall -Wextra -g -O0 -Iinclude -I".pio/libdeps/native_test/Unity/src" "test/unit/test_math/test_mathutil.cpp" ".pio/libdeps/native_test/Unity/src/unity.c" -o "build/tests/test_mathutil"


[0;31m✗ Error compilando Math[0m
